// Jest Snapshot v1, https://goo.gl/fbAQLP

exports[`ComponentWithHook component should render itself 1`] = `
<Row
  gutter={0}
/>
`;
