// Jest Snapshot v1, https://goo.gl/fbAQLP

exports[`render test 1`] = `
<styled.div>
  <Suspense
    fallback={[Function]}
  >
    <Login />
  </Suspense>
</styled.div>
`;
