// Jest Snapshot v1, https://goo.gl/fbAQLP

exports[`renders the correct text 1`] = `
<div
  data-test="my-component"
>
  foobar
  Sandesh
</div>
`;
